Loading segmented trips à
Building features à
  Feature step 1/7: elapsed time
  Feature step 2/7: speed stats
  Feature step 3/7: distance remaining
  Feature step 4/7: time encoding
  Feature step 5/7: weight flag
  Feature step 6/7: trip progress
  Feature step 7/7: load state features (heuristic)
  Processing trip 100/32931
  Processing trip 200/32931
  Processing trip 300/32931
  Processing trip 400/32931
  Processing trip 500/32931
  Processing trip 600/32931
  Processing trip 700/32931
  Processing trip 800/32931
  Processing trip 900/32931
  Processing trip 1000/32931
  Processing trip 1100/32931
  Processing trip 1200/32931
  Processing trip 1300/32931
  Processing trip 1400/32931
  Processing trip 1500/32931
  Processing trip 1600/32931
  Processing trip 1700/32931
  Processing trip 1800/32931
  Processing trip 1900/32931
  Processing trip 2000/32931
  Processing trip 2100/32931
  Processing trip 2200/32931
  Processing trip 2300/32931
  Processing trip 2400/32931
  Processing trip 2500/32931
  Processing trip 2600/32931
  Processing trip 2700/32931
  Processing trip 2800/32931
  Processing trip 2900/32931
  Processing trip 3000/32931
  Processing trip 3100/32931
  Processing trip 3200/32931
  Processing trip 3300/32931
  Processing trip 3400/32931
  Processing trip 3500/32931
  Processing trip 3600/32931
  Processing trip 3700/32931
  Processing trip 3800/32931
  Processing trip 3900/32931
  Processing trip 4000/32931
  Processing trip 4100/32931
  Processing trip 4200/32931
  Processing trip 4300/32931
  Processing trip 4400/32931
  Processing trip 4500/32931
  Processing trip 4600/32931
  Processing trip 4700/32931
  Processing trip 4800/32931
  Processing trip 4900/32931
  Processing trip 5000/32931
  Processing trip 5100/32931
  Processing trip 5200/32931
  Processing trip 5300/32931
  Processing trip 5400/32931
  Processing trip 5500/32931
  Processing trip 5600/32931
  Processing trip 5700/32931
  Processing trip 5800/32931
  Processing trip 5900/32931
  Processing trip 6000/32931
  Processing trip 6100/32931
  Processing trip 6200/32931
  Processing trip 6300/32931
  Processing trip 6400/32931
  Processing trip 6500/32931
  Processing trip 6600/32931
  Processing trip 6700/32931
  Processing trip 6800/32931
  Processing trip 6900/32931
  Processing trip 7000/32931
  Processing trip 7100/32931
  Processing trip 7200/32931
  Processing trip 7300/32931
  Processing trip 7400/32931
  Processing trip 7500/32931
  Processing trip 7600/32931
  Processing trip 7700/32931
  Processing trip 7800/32931
  Processing trip 7900/32931
  Processing trip 8000/32931
  Processing trip 8100/32931
  Processing trip 8200/32931
  Processing trip 8300/32931
  Processing trip 8400/32931
  Processing trip 8500/32931
  Processing trip 8600/32931
  Processing trip 8700/32931
  Processing trip 8800/32931
  Processing trip 8900/32931
  Processing trip 9000/32931
  Processing trip 9100/32931
  Processing trip 9200/32931
  Processing trip 9300/32931
  Processing trip 9400/32931
  Processing trip 9500/32931
  Processing trip 9600/32931
  Processing trip 9700/32931
  Processing trip 9800/32931
  Processing trip 9900/32931
  Processing trip 10000/32931
  Processing trip 10100/32931
  Processing trip 10200/32931
  Processing trip 10300/32931
  Processing trip 10400/32931
  Processing trip 10500/32931
  Processing trip 10600/32931
  Processing trip 10700/32931
  Processing trip 10800/32931
  Processing trip 10900/32931
  Processing trip 11000/32931
  Processing trip 11100/32931
  Processing trip 11200/32931
  Processing trip 11300/32931
  Processing trip 11400/32931
  Processing trip 11500/32931
  Processing trip 11600/32931
  Processing trip 11700/32931
  Processing trip 11800/32931
  Processing trip 11900/32931
  Processing trip 12000/32931
  Processing trip 12100/32931
  Processing trip 12200/32931
  Processing trip 12300/32931
  Processing trip 12400/32931
  Processing trip 12500/32931
  Processing trip 12600/32931
  Processing trip 12700/32931
  Processing trip 12800/32931
  Processing trip 12900/32931
  Processing trip 13000/32931
  Processing trip 13100/32931
  Processing trip 13200/32931
  Processing trip 13300/32931
  Processing trip 13400/32931
  Processing trip 13500/32931
  Processing trip 13600/32931
  Processing trip 13700/32931
  Processing trip 13800/32931
  Processing trip 13900/32931
  Processing trip 14000/32931
  Processing trip 14100/32931
  Processing trip 14200/32931
  Processing trip 14300/32931
  Processing trip 14400/32931
  Processing trip 14500/32931
  Processing trip 14600/32931
  Processing trip 14700/32931
  Processing trip 14800/32931
  Processing trip 14900/32931
  Processing trip 15000/32931
  Processing trip 15100/32931
  Processing trip 15200/32931
  Processing trip 15300/32931
  Processing trip 15400/32931
  Processing trip 15500/32931
  Processing trip 15600/32931
  Processing trip 15700/32931
  Processing trip 15800/32931
  Processing trip 15900/32931
  Processing trip 16000/32931
  Processing trip 16100/32931
  Processing trip 16200/32931
  Processing trip 16300/32931
  Processing trip 16400/32931
  Processing trip 16500/32931
  Processing trip 16600/32931
  Processing trip 16700/32931
  Processing trip 16800/32931
  Processing trip 16900/32931
  Processing trip 17000/32931
  Processing trip 17100/32931
  Processing trip 17200/32931
  Processing trip 17300/32931
  Processing trip 17400/32931
  Processing trip 17500/32931
  Processing trip 17600/32931
  Processing trip 17700/32931
  Processing trip 17800/32931
  Processing trip 17900/32931
  Processing trip 18000/32931
  Processing trip 18100/32931
  Processing trip 18200/32931
  Processing trip 18300/32931
  Processing trip 18400/32931
  Processing trip 18500/32931
  Processing trip 18600/32931
  Processing trip 18700/32931
  Processing trip 18800/32931
  Processing trip 18900/32931
  Processing trip 19000/32931
  Processing trip 19100/32931
  Processing trip 19200/32931
  Processing trip 19300/32931
  Processing trip 19400/32931
  Processing trip 19500/32931
  Processing trip 19600/32931
  Processing trip 19700/32931
  Processing trip 19800/32931
  Processing trip 19900/32931
  Processing trip 20000/32931
  Processing trip 20100/32931
  Processing trip 20200/32931
  Processing trip 20300/32931
  Processing trip 20400/32931
  Processing trip 20500/32931
  Processing trip 20600/32931
  Processing trip 20700/32931
  Processing trip 20800/32931
  Processing trip 20900/32931
  Processing trip 21000/32931
  Processing trip 21100/32931
  Processing trip 21200/32931
  Processing trip 21300/32931
  Processing trip 21400/32931
  Processing trip 21500/32931
  Processing trip 21600/32931
  Processing trip 21700/32931
  Processing trip 21800/32931
  Processing trip 21900/32931
  Processing trip 22000/32931
  Processing trip 22100/32931
  Processing trip 22200/32931
  Processing trip 22300/32931
  Processing trip 22400/32931
  Processing trip 22500/32931
  Processing trip 22600/32931
  Processing trip 22700/32931
  Processing trip 22800/32931
  Processing trip 22900/32931
  Processing trip 23000/32931
  Processing trip 23100/32931
  Processing trip 23200/32931
  Processing trip 23300/32931
  Processing trip 23400/32931
  Processing trip 23500/32931
  Processing trip 23600/32931
  Processing trip 23700/32931
  Processing trip 23800/32931
  Processing trip 23900/32931
  Processing trip 24000/32931
  Processing trip 24100/32931
  Processing trip 24200/32931
  Processing trip 24300/32931
  Processing trip 24400/32931
  Processing trip 24500/32931
  Processing trip 24600/32931
  Processing trip 24700/32931
  Processing trip 24800/32931
  Processing trip 24900/32931
  Processing trip 25000/32931
  Processing trip 25100/32931
  Processing trip 25200/32931
  Processing trip 25300/32931
  Processing trip 25400/32931
  Processing trip 25500/32931
  Processing trip 25600/32931
  Processing trip 25700/32931
  Processing trip 25800/32931
  Processing trip 25900/32931
  Processing trip 26000/32931
  Processing trip 26100/32931
  Processing trip 26200/32931
  Processing trip 26300/32931
  Processing trip 26400/32931
  Processing trip 26500/32931
  Processing trip 26600/32931
  Processing trip 26700/32931
  Processing trip 26800/32931
  Processing trip 26900/32931
  Processing trip 27000/32931
  Processing trip 27100/32931
  Processing trip 27200/32931
  Processing trip 27300/32931
  Processing trip 27400/32931
  Processing trip 27500/32931
  Processing trip 27600/32931
  Processing trip 27700/32931
  Processing trip 27800/32931
  Processing trip 27900/32931
  Processing trip 28000/32931
  Processing trip 28100/32931
  Processing trip 28200/32931
  Processing trip 28300/32931
  Processing trip 28400/32931
  Processing trip 28500/32931
  Processing trip 28600/32931
  Processing trip 28700/32931
  Processing trip 28800/32931
  Processing trip 28900/32931
  Processing trip 29000/32931
  Processing trip 29100/32931
  Processing trip 29200/32931
  Processing trip 29300/32931
  Processing trip 29400/32931
  Processing trip 29500/32931
  Processing trip 29600/32931
  Processing trip 29700/32931
  Processing trip 29800/32931
  Processing trip 29900/32931
  Processing trip 30000/32931
  Processing trip 30100/32931
  Processing trip 30200/32931
  Processing trip 30300/32931
  Processing trip 30400/32931
  Processing trip 30500/32931
  Processing trip 30600/32931
  Processing trip 30700/32931
  Processing trip 30800/32931
  Processing trip 30900/32931
  Processing trip 31000/32931
  Processing trip 31100/32931
  Processing trip 31200/32931
  Processing trip 31300/32931
  Processing trip 31400/32931
  Processing trip 31500/32931
  Processing trip 31600/32931
  Processing trip 31700/32931
  Processing trip 31800/32931
  Processing trip 31900/32931
  Processing trip 32000/32931
  Processing trip 32100/32931
  Processing trip 32200/32931
  Processing trip 32300/32931
  Processing trip 32400/32931
  Processing trip 32500/32931
  Processing trip 32600/32931
  Processing trip 32700/32931
  Processing trip 32800/32931
  Processing trip 32900/32931
Splitting (trip-level) à
  train=3,403,994  val=484,271  test=1,010,748
  training scope: 12 model features used (out of 9 raw columns)
  note: models train on FEATURE_COLS only; other columns are ignored by fitting

Evaluating naive distance-over-speed baseline à
  Naive MAE:  7916.41 min
  Naive Near-Arrival MAE (ETA<=60): 24.79 min
  Naive Within 10 min rate (ETA<=60): 47.15%
  Naive RMSE: 17551.92 min

Training HistGradientBoosting baseline à
  Baseline MAE:  846.48 min
  Baseline Near-Arrival MAE (ETA<=60): 1224.38 min
  Baseline Within 10 min rate (ETA<=60): 19.79%
  Baseline RMSE: 2867.96 min
